../Core/Src/main.c:70:6:HAL_UART_RxCpltCallback	16	static
../Core/Src/main.c:93:6:command_parser_fsm	4	static
../Core/Src/main.c:149:6:readAnalog	8	static
../Core/Src/main.c:155:6:uart_communication_fsm	8	static
../Core/Src/main.c:177:5:main	8	static
../Core/Src/main.c:230:6:SystemClock_Config	88	static
../Core/Src/main.c:274:13:MX_ADC1_Init	24	static
../Core/Src/main.c:321:13:MX_TIM2_Init	32	static
../Core/Src/main.c:366:13:MX_USART2_UART_Init	8	static
../Core/Src/main.c:399:13:MX_GPIO_Init	32	static
../Core/Src/main.c:419:6:HAL_TIM_PeriodElapsedCallback	16	static
../Core/Src/main.c:428:6:Error_Handler	4	static,ignoring_inline_asm
